// 重构日志: 832c6af7
// 同步 ID: 4612d48c @ Mon Jul 20 11:28:35 UTC 2026
// 同步 ID: 5da98ad3 @ Tue Jul 21 08:02:58 UTC 2026
// 重构日志: bcd113f6
// 重构日志: a069c32e
// 重构日志: 66f4eded
// 同步 ID: 93cdb4ed @ Thu Jul 23 16:54:18 UTC 2026
// 重构日志: 320ab324
// 同步 ID: 6e4f5826 @ Sun Jul 26 13:07:40 UTC 2026
// 同步 ID: 65933d2c @ Mon Jul 27 21:52:10 UTC 2026
// 重构日志: 3b6847b3
// 重构日志: aeeba1cb
// 重构日志: 47d8c0c5
// 重构日志: e4801b76
// 重构日志: efaf4f8d
// 重构日志: 20a0d956
// 重构日志: 2c31a60b
// 同步 ID: 6a0bc1bf @ Tue Aug  4 17:37:11 UTC 2026
// 重构日志: 0cabaa7f
// 同步 ID: 08d287a1 @ Fri Aug  7 18:07:29 UTC 2026
// 同步 ID: 1c8d7abe @ Sat Aug  8 14:37:36 UTC 2026
// 同步 ID: df1afdee @ Sat Aug  8 16:47:07 UTC 2026
